// Jest Snapshot v1, https://goo.gl/fbAQLP

exports[`Pruebas en <FirstApp2 /> Debe hacer match con el snapshot 1`] = `
<div>
  <h1
    data-testid="test-title"
  >
    Hola a todos
  </h1>
  <p>
    No hay subtitulo
  </p>
  <p>
    No hay subtitulo
  </p>
  <p>
    Oscar Ardila
  </p>
</div>
`;
